[uena.dexignzone.com/cakephp/demo/uena-admin/indexfbd9.html]
[backblue.gif]
[fade.gif]
[index.html]
[uena.dexignzone.com/cakephp/social-image.png]
[uena.dexignzone.com/cakephp/demo/images/favicon.png]
[uena.dexignzone.com/cakephp/demo/images/avatar/1.jpg]
[uena.dexignzone.com/cakephp/demo/images/avatar/2.jpg]
[uena.dexignzone.com/cakephp/demo/images/avatar/3.jpg]
[uena.dexignzone.com/cakephp/demo/images/avatar/4.jpg]
[uena.dexignzone.com/cakephp/demo/images/avatar/5.jpg]
[uena.dexignzone.com/cakephp/demo/images/profile/pic1.jpg]
[uena.dexignzone.com/cakephp/demo/uena-admin/app-profile.html]
[uena.dexignzone.com/cakephp/demo/uena-admin/email-inbox.html]
[uena.dexignzone.com/cakephp/demo/uena-admin/login.html]
[uena.dexignzone.com/cakephp/demo/uena-admin/index2.html]
[uena.dexignzone.com/cakephp/demo/uena-admin/orders-list.html]
[uena.dexignzone.com/cakephp/demo/uena-admin/order-detail.html]
[uena.dexignzone.com/cakephp/demo/uena-admin/customer-list.html]
[uena.dexignzone.com/cakephp/demo/uena-admin/analytics.html]
[uena.dexignzone.com/cakephp/demo/uena-admin/reviews.html]
[uena.dexignzone.com/cakephp/demo/uena-admin/post-details.html]
[uena.dexignzone.com/cakephp/demo/uena-admin/email-compose.html]
[uena.dexignzone.com/cakephp/demo/uena-admin/email-read.html]
[uena.dexignzone.com/cakephp/demo/uena-admin/app-calender.html]
[uena.dexignzone.com/cakephp/demo/uena-admin/ecom-product-grid.html]
[uena.dexignzone.com/cakephp/demo/uena-admin/ecom-product-list.html]
[uena.dexignzone.com/cakephp/demo/uena-admin/ecom-product-detail.html]
[uena.dexignzone.com/cakephp/demo/uena-admin/ecom-product-order.html]
[uena.dexignzone.com/cakephp/demo/uena-admin/ecom-checkout.html]
[uena.dexignzone.com/cakephp/demo/uena-admin/ecom-invoice.html]
[uena.dexignzone.com/cakephp/demo/uena-admin/ecom-customers.html]
[uena.dexignzone.com/cakephp/demo/uena-admin/chart-flot.html]
[uena.dexignzone.com/cakephp/demo/uena-admin/chart-morris.html]
[uena.dexignzone.com/cakephp/demo/uena-admin/chart-chartjs.html]
[uena.dexignzone.com/cakephp/demo/uena-admin/chart-chartist.html]
[uena.dexignzone.com/cakephp/demo/uena-admin/chart-sparkline.html]
[uena.dexignzone.com/cakephp/demo/uena-admin/chart-peity.html]
[uena.dexignzone.com/cakephp/demo/uena-admin/ui-accordion.html]
[uena.dexignzone.com/cakephp/demo/uena-admin/ui-alert.html]
[uena.dexignzone.com/cakephp/demo/uena-admin/ui-badge.html]
[uena.dexignzone.com/cakephp/demo/uena-admin/ui-button.html]
[uena.dexignzone.com/cakephp/demo/uena-admin/ui-modal.html]
[uena.dexignzone.com/cakephp/demo/uena-admin/ui-button-group.html]
[uena.dexignzone.com/cakephp/demo/uena-admin/ui-list-group.html]
[uena.dexignzone.com/cakephp/demo/uena-admin/ui-media-object.html]
[uena.dexignzone.com/cakephp/demo/uena-admin/ui-card.html]
[uena.dexignzone.com/cakephp/demo/uena-admin/ui-carousel.html]
[uena.dexignzone.com/cakephp/demo/uena-admin/ui-dropdown.html]
[uena.dexignzone.com/cakephp/demo/uena-admin/ui-popover.html]
[uena.dexignzone.com/cakephp/demo/uena-admin/ui-progressbar.html]
[uena.dexignzone.com/cakephp/demo/uena-admin/ui-tab.html]
[uena.dexignzone.com/cakephp/demo/uena-admin/ui-typography.html]
[uena.dexignzone.com/cakephp/demo/uena-admin/ui-pagination.html]
[uena.dexignzone.com/cakephp/demo/uena-admin/ui-grid.html]
[uena.dexignzone.com/cakephp/demo/uena-admin/uc-select2.html]
[uena.dexignzone.com/cakephp/demo/uena-admin/uc-nestable.html]
[uena.dexignzone.com/cakephp/demo/uena-admin/uc-noui-slider.html]
[uena.dexignzone.com/cakephp/demo/uena-admin/uc-sweetalert.html]
[uena.dexignzone.com/cakephp/demo/uena-admin/uc-toastr.html]
[uena.dexignzone.com/cakephp/demo/uena-admin/map-jqvmap.html]
[uena.dexignzone.com/cakephp/demo/uena-admin/uc-lightgallery.html]
[uena.dexignzone.com/cakephp/demo/uena-admin/widget-basic.html]
[uena.dexignzone.com/cakephp/demo/uena-admin/flat-icons.html]
[uena.dexignzone.com/cakephp/demo/uena-admin/svg-icons.html]
[uena.dexignzone.com/cakephp/demo/uena-admin/content.html]
[uena.dexignzone.com/cakephp/demo/uena-admin/menu.html]
[uena.dexignzone.com/cakephp/demo/uena-admin/email-template.html]
[uena.dexignzone.com/cakephp/demo/uena-admin/blog.html]
[uena.dexignzone.com/cakephp/demo/uena-admin/form-element.html]
[uena.dexignzone.com/cakephp/demo/uena-admin/form-wizard.html]
[uena.dexignzone.com/cakephp/demo/uena-admin/form-editor-ckeditor.html]
[uena.dexignzone.com/cakephp/demo/uena-admin/form-editor-summernote.html]
[uena.dexignzone.com/cakephp/demo/uena-admin/form-pickers.html]
[uena.dexignzone.com/cakephp/demo/uena-admin/form-validation-jquery.html]
[uena.dexignzone.com/cakephp/demo/uena-admin/table-bootstrap-basic.html]
[uena.dexignzone.com/cakephp/demo/uena-admin/table-datatable-basic.html]
[uena.dexignzone.com/cakephp/demo/uena-admin/page-login.html]
[uena.dexignzone.com/cakephp/demo/uena-admin/page-register.html]
[uena.dexignzone.com/cakephp/demo/uena-admin/page-error-400.html]
[uena.dexignzone.com/cakephp/demo/uena-admin/page-error-403.html]
[uena.dexignzone.com/cakephp/demo/uena-admin/page-error-404.html]
[uena.dexignzone.com/cakephp/demo/uena-admin/page-error-500.html]
[uena.dexignzone.com/cakephp/demo/uena-admin/page-error-503.html]
[uena.dexignzone.com/cakephp/demo/uena-admin/page-lock-screen.html]
[uena.dexignzone.com/cakephp/demo/uena-admin/empty-page.html]
[uena.dexignzone.com/cakephp/demo/images/menu/Untitled-1.jpg]
[uena.dexignzone.com/cakephp/demo/images/menu/Untitled-2.jpg]
[uena.dexignzone.com/cakephp/demo/images/menu/Untitled-3.jpg]
[uena.dexignzone.com/cakephp/demo/images/menu/Untitled-4.jpg]
[uena.dexignzone.com/cakephp/demo/images/menu/Untitled-5.jpg]
[uena.dexignzone.com/cakephp/demo/images/card/Untitled-1.jpg]
[uena.dexignzone.com/cakephp/demo/images/card/Untitled-2.jpg]
[uena.dexignzone.com/cakephp/demo/images/card/Untitled-3.jpg]
[uena.dexignzone.com/cakephp/demo/uena-admin/indexfbd9.html]
[uena.dexignzone.com/cakephp/demo/vendor/bootstrap-select/dist/css/bootstrap-select.min.css]
[uena.dexignzone.com/cakephp/demo/vendor/chartist/css/chartist.min.css]
[uena.dexignzone.com/cakephp/demo/images/pattern/pattern5.png]
[uena.dexignzone.com/cakephp/demo/images/profile/cover.jpg]
[uena.dexignzone.com/cakephp/demo/images/1.jpg]
[uena.dexignzone.com/cakephp/demo/images/like.png]
[uena.dexignzone.com/cakephp/demo/css/style.css]
[uena.dexignzone.com/cakephp/demo/images/profile/profile.png]
[uena.dexignzone.com/cakephp/demo/images/profile/1.jpg]
[uena.dexignzone.com/cakephp/demo/images/big/img6.jpg]
[uena.dexignzone.com/cakephp/demo/images/profile/2.jpg]
[uena.dexignzone.com/cakephp/demo/images/big/img5.jpg]
[uena.dexignzone.com/cakephp/demo/images/profile/3.jpg]
[uena.dexignzone.com/cakephp/demo/images/big/img4.jpg]
[uena.dexignzone.com/cakephp/demo/images/profile/4.jpg]
[uena.dexignzone.com/cakephp/demo/images/profile/12.jpg]
[uena.dexignzone.com/cakephp/demo/images/profile/13.jpg]
[uena.dexignzone.com/cakephp/demo/images/profile/14.jpg]
[uena.dexignzone.com/cakephp/demo/images/profile/5.jpg]
[uena.dexignzone.com/cakephp/demo/images/profile/6.jpg]
[uena.dexignzone.com/cakephp/demo/images/profile/7.jpg]
[uena.dexignzone.com/cakephp/demo/images/profile/8.jpg]
[uena.dexignzone.com/cakephp/demo/images/profile/9.jpg]
[uena.dexignzone.com/cakephp/demo/uena-admin/app-profile.html]
[uena.dexignzone.com/cakephp/demo/uena-admin/email-inbox.html]
[uena.dexignzone.com/cakephp/demo/uena-admin/login.html]
[uena.dexignzone.com/cakephp/demo/uena-admin/index2.html]
[uena.dexignzone.com/cakephp/demo/uena-admin/orders-list.html]
[uena.dexignzone.com/cakephp/demo/images/profile/Untitled-2.jpg]
[uena.dexignzone.com/cakephp/demo/images/profile/Untitled-1.jpg]
[uena.dexignzone.com/cakephp/demo/images/card/Untitled-6.jpg]
[uena.dexignzone.com/cakephp/demo/images/card/Untitled-4.jpg]
[uena.dexignzone.com/cakephp/demo/images/card/Untitled-5.jpg]
[uena.dexignzone.com/cakephp/demo/images/map.jpg]
[uena.dexignzone.com/cakephp/demo/uena-admin/order-detail.html]
[uena.dexignzone.com/cakephp/demo/uena-admin/customer-list.html]
[uena.dexignzone.com/cakephp/demo/images/card/Untitled-7.jpg]
[uena.dexignzone.com/cakephp/demo/images/card/Untitled-8.jpg]
[uena.dexignzone.com/cakephp/demo/images/card/Untitled-9.jpg]
[uena.dexignzone.com/cakephp/demo/images/profile/Untitled-10.jpg]
[uena.dexignzone.com/cakephp/demo/images/profile/Untitled-11.jpg]
[uena.dexignzone.com/cakephp/demo/images/profile/Untitled-12.jpg]
[uena.dexignzone.com/cakephp/demo/images/profile/Untitled-13.jpg]
[uena.dexignzone.com/cakephp/demo/images/card/Untitled-10.jpg]
[uena.dexignzone.com/cakephp/demo/images/card/Untitled-11.jpg]
[uena.dexignzone.com/cakephp/demo/images/card/Untitled-12.jpg]
[uena.dexignzone.com/cakephp/demo/images/card/Untitled-13.jpg]
[uena.dexignzone.com/cakephp/demo/images/card/Untitled-14.jpg]
[uena.dexignzone.com/cakephp/demo/uena-admin/analytics.html]
[uena.dexignzone.com/cakephp/demo/images/table/Untitled-1.jpg]
[uena.dexignzone.com/cakephp/demo/images/table/Untitled-2.jpg]
[uena.dexignzone.com/cakephp/demo/images/table/Untitled-3.jpg]
[uena.dexignzone.com/cakephp/demo/images/table/Untitled-4.jpg]
[uena.dexignzone.com/cakephp/demo/images/table/Untitled-5.jpg]
[uena.dexignzone.com/cakephp/demo/uena-admin/reviews.html]
[uena.dexignzone.com/cakephp/demo/uena-admin/post-details.html]
[uena.dexignzone.com/cakephp/demo/uena-admin/email-compose.html]
[uena.dexignzone.com/cakephp/demo/uena-admin/email-read.html]
[uena.dexignzone.com/cakephp/demo/uena-admin/app-calender.html]
[uena.dexignzone.com/cakephp/demo/images/product/1.jpg]
[uena.dexignzone.com/cakephp/demo/images/product/2.jpg]
[uena.dexignzone.com/cakephp/demo/images/product/3.jpg]
[uena.dexignzone.com/cakephp/demo/images/product/4.jpg]
[uena.dexignzone.com/cakephp/demo/images/product/5.jpg]
[uena.dexignzone.com/cakephp/demo/images/product/6.jpg]
[uena.dexignzone.com/cakephp/demo/images/product/7.jpg]
[uena.dexignzone.com/cakephp/demo/uena-admin/ecom-product-grid.html]
[uena.dexignzone.com/cakephp/demo/uena-admin/ecom-product-list.html]
[uena.dexignzone.com/cakephp/demo/images/tab/1.jpg]
[uena.dexignzone.com/cakephp/demo/images/tab/2.jpg]
[uena.dexignzone.com/cakephp/demo/images/tab/3.jpg]
[uena.dexignzone.com/cakephp/demo/images/tab/4.jpg]
[uena.dexignzone.com/cakephp/demo/uena-admin/ecom-product-detail.html]
[uena.dexignzone.com/cakephp/demo/uena-admin/ecom-product-order.html]
[uena.dexignzone.com/cakephp/demo/uena-admin/ecom-checkout.html]
[uena.dexignzone.com/cakephp/demo/images/qr.png]
[uena.dexignzone.com/cakephp/demo/uena-admin/ecom-invoice.html]
[uena.dexignzone.com/cakephp/demo/images/avatar/5.png]
[uena.dexignzone.com/cakephp/demo/images/avatar/1.png]
[uena.dexignzone.com/cakephp/demo/uena-admin/ecom-customers.html]
[uena.dexignzone.com/cakephp/demo/uena-admin/chart-flot.html]
[uena.dexignzone.com/cakephp/demo/uena-admin/chart-morris.html]
[uena.dexignzone.com/cakephp/demo/uena-admin/chart-chartjs.html]
[uena.dexignzone.com/cakephp/demo/uena-admin/chart-chartist.html]
[uena.dexignzone.com/cakephp/demo/uena-admin/chart-sparkline.html]
[uena.dexignzone.com/cakephp/demo/uena-admin/chart-peity.html]
[uena.dexignzone.com/cakephp/demo/uena-admin/ui-accordion.html]
[uena.dexignzone.com/cakephp/demo/uena-admin/ui-alert.html]
[uena.dexignzone.com/cakephp/demo/uena-admin/ui-badge.html]
[uena.dexignzone.com/cakephp/demo/uena-admin/ui-button.html]
[uena.dexignzone.com/cakephp/demo/uena-admin/ui-modal.html]
[uena.dexignzone.com/cakephp/demo/uena-admin/ui-button-group.html]
[uena.dexignzone.com/cakephp/demo/uena-admin/ui-list-group.html]
[uena.dexignzone.com/cakephp/demo/images/avatar/7.jpg]
[uena.dexignzone.com/cakephp/demo/images/avatar/6.jpg]
[uena.dexignzone.com/cakephp/demo/images/avatar/8.jpg]
[uena.dexignzone.com/cakephp/demo/uena-admin/ui-media-object.html]
[uena.dexignzone.com/cakephp/demo/images/card/1.png]
[uena.dexignzone.com/cakephp/demo/images/card/2.png]
[uena.dexignzone.com/cakephp/demo/images/card/3.png]
[uena.dexignzone.com/cakephp/demo/uena-admin/ui-card.html]
[uena.dexignzone.com/cakephp/demo/images/big/img1.jpg]
[uena.dexignzone.com/cakephp/demo/images/big/img2.jpg]
[uena.dexignzone.com/cakephp/demo/images/big/img3.jpg]
[uena.dexignzone.com/cakephp/demo/images/big/img7.jpg]
[uena.dexignzone.com/cakephp/demo/uena-admin/ui-carousel.html]
[uena.dexignzone.com/cakephp/demo/uena-admin/ui-dropdown.html]
[uena.dexignzone.com/cakephp/demo/uena-admin/ui-popover.html]
[uena.dexignzone.com/cakephp/demo/uena-admin/ui-progressbar.html]
[uena.dexignzone.com/cakephp/demo/uena-admin/ui-tab.html]
[uena.dexignzone.com/cakephp/demo/uena-admin/ui-typography.html]
[uena.dexignzone.com/cakephp/demo/uena-admin/ui-pagination.html]
[uena.dexignzone.com/cakephp/demo/uena-admin/ui-grid.html]
[uena.dexignzone.com/cakephp/demo/uena-admin/uc-select2.html]
[uena.dexignzone.com/cakephp/demo/uena-admin/uc-nestable.html]
[uena.dexignzone.com/cakephp/demo/uena-admin/uc-noui-slider.html]
[uena.dexignzone.com/cakephp/demo/uena-admin/uc-sweetalert.html]
[uena.dexignzone.com/cakephp/demo/uena-admin/uc-toastr.html]
[uena.dexignzone.com/cakephp/demo/uena-admin/map-jqvmap.html]
[uena.dexignzone.com/cakephp/demo/images/big/img8.jpg]
[uena.dexignzone.com/cakephp/demo/uena-admin/uc-lightgallery.html]
[uena.dexignzone.com/cakephp/demo/uena-admin/widget-basic.html]
[uena.dexignzone.com/cakephp/demo/uena-admin/flat-icons.html]
[uena.dexignzone.com/cakephp/demo/uena-admin/svg-icons.html]
[uena.dexignzone.com/cakephp/demo/uena-admin/content-add.html]
[uena.dexignzone.com/cakephp/demo/uena-admin/content.html]
[uena.dexignzone.com/cakephp/demo/uena-admin/menu.html]
[uena.dexignzone.com/cakephp/demo/uena-admin/email-template.html]
[uena.dexignzone.com/cakephp/demo/uena-admin/add-email.html]
[uena.dexignzone.com/cakephp/demo/uena-admin/blog.html]
[uena.dexignzone.com/cakephp/demo/uena-admin/form-element.html]
[uena.dexignzone.com/cakephp/demo/uena-admin/blog-category.html]
[uena.dexignzone.com/cakephp/demo/uena-admin/form-wizard.html]
[uena.dexignzone.com/cakephp/demo/uena-admin/form-editor-ckeditor.html]
[uena.dexignzone.com/cakephp/demo/uena-admin/form-editor-summernote.html]
[uena.dexignzone.com/cakephp/demo/uena-admin/form-pickers.html]
[uena.dexignzone.com/cakephp/demo/uena-admin/form-validation-jquery.html]
[uena.dexignzone.com/cakephp/demo/uena-admin/table-bootstrap-basic.html]
[uena.dexignzone.com/cakephp/demo/images/profile/small/pic1.jpg]
[uena.dexignzone.com/cakephp/demo/images/profile/small/pic2.jpg]
[uena.dexignzone.com/cakephp/demo/images/profile/small/pic3.jpg]
[uena.dexignzone.com/cakephp/demo/images/profile/small/pic4.jpg]
[uena.dexignzone.com/cakephp/demo/images/profile/small/pic5.jpg]
[uena.dexignzone.com/cakephp/demo/images/profile/small/pic6.jpg]
[uena.dexignzone.com/cakephp/demo/images/profile/small/pic7.jpg]
[uena.dexignzone.com/cakephp/demo/images/profile/small/pic8.jpg]
[uena.dexignzone.com/cakephp/demo/images/profile/small/pic9.jpg]
[uena.dexignzone.com/cakephp/demo/images/profile/small/pic10.jpg]
[uena.dexignzone.com/cakephp/demo/uena-admin/table-datatable-basic.html]
[uena.dexignzone.com/cakephp/demo/uena-admin/page-forgot-password.html]
[uena.dexignzone.com/cakephp/demo/uena-admin/page-login.html]
[uena.dexignzone.com/cakephp/demo/uena-admin/page-register.html]
[uena.dexignzone.com/cakephp/demo/uena-admin/page-error-400.html]
[uena.dexignzone.com/cakephp/demo/uena-admin/page-error-403.html]
[uena.dexignzone.com/cakephp/demo/uena-admin/page-error-404.html]
[uena.dexignzone.com/cakephp/demo/uena-admin/page-error-500.html]
[uena.dexignzone.com/cakephp/demo/uena-admin/page-error-503.html]
[uena.dexignzone.com/cakephp/demo/uena-admin/page-lock-screen.html]
[uena.dexignzone.com/cakephp/demo/uena-admin/empty-page.html]
[uena.dexignzone.com/cakephp/demo/vendor/global/global.min.js]
[uena.dexignzone.com/cakephp/demo/vendor/bootstrap-select/dist/js/bootstrap-select.min.js]
[uena.dexignzone.com/cakephp/demo/vendor/chart.js/Chart.bundle.min.js]
[uena.dexignzone.com/cakephp/demo/vendor/peity/jquery.peity.min.js]
[uena.dexignzone.com/cakephp/demo/vendor/apexchart/apexchart.js]
[uena.dexignzone.com/cakephp/demo/js/dashboard/dashboard-1.js]
[uena.dexignzone.com/cakephp/demo/js/custom.min.js]
[uena.dexignzone.com/cakephp/demo/js/deznav-init.js]
[uena.dexignzone.com/cakephp/demo/js/demo.js]
[uena.dexignzone.com/cakephp/demo/js/styleSwitcher.js]
[uena.dexignzone.com/cakephp/demo/icons/font-awesome-6/css/all.min.css]
[uena.dexignzone.com/cakephp/demo/icons/material-design-iconic-font/css/materialdesignicons.min.css]
[uena.dexignzone.com/cakephp/demo/icons/themify-icons/css/themify-icons.css]
[uena.dexignzone.com/cakephp/demo/icons/line-awesome/css/line-awesome.min.css]
[uena.dexignzone.com/cakephp/demo/icons/flaticon/Flaticon.eot]
[uena.dexignzone.com/cakephp/demo/icons/flaticon/Flaticond41d.eot]
[uena.dexignzone.com/cakephp/demo/icons/flaticon/Flaticon.woff]
[uena.dexignzone.com/cakephp/demo/icons/flaticon/Flaticon.ttf]
[uena.dexignzone.com/cakephp/demo/icons/flaticon/flaticon.css]
[uena.dexignzone.com/cakephp/demo/icons/flaticon_1/Flaticon_1.eot]
[uena.dexignzone.com/cakephp/demo/icons/flaticon_1/Flaticon_1d41d.eot]
[uena.dexignzone.com/cakephp/demo/icons/flaticon_1/Flaticon_1.woff2]
[uena.dexignzone.com/cakephp/demo/icons/flaticon_1/Flaticon_1.woff]
[uena.dexignzone.com/cakephp/demo/icons/flaticon_1/Flaticon_1.ttf]
[uena.dexignzone.com/cakephp/demo/icons/flaticon_1/flaticon_1.css]
[uena.dexignzone.com/cakephp/demo/vendor/animate/animate.min.css]
[uena.dexignzone.com/cakephp/demo/vendor/metismenu/css/metisMenu.min.css]
[uena.dexignzone.com/cakephp/demo/images/dots.html]
[uena.dexignzone.com/cakephp/demo/images/dots-2.html]
[uena.dexignzone.com/cakephp/demo/vendor/lightgallery/dist/images/loading.gif]
[uena.dexignzone.com/cakephp/demo/vendor/lightgallery/dist/css/lightgallery.css]
[uena.dexignzone.com/cakephp/demo/vendor/lightgallery/dist/css/lg-thumbnail.css]
[uena.dexignzone.com/cakephp/demo/vendor/lightgallery/dist/css/lg-zoom.css]
[uena.dexignzone.com/cakephp/demo/vendor/lightgallery/dist/lightgallery.min.js]
[uena.dexignzone.com/cakephp/demo/vendor/lightgallery/dist/plugins/thumbnail/lg-thumbnail.min.js]
[uena.dexignzone.com/cakephp/demo/vendor/lightgallery/dist/plugins/zoom/lg-zoom.min.js]
[uena.dexignzone.com/cakephp/demo/js/custom.js]
[uena.dexignzone.com/cakephp/demo/vendor/datatables/css/jquery.dataTables.min.css]
[uena.dexignzone.com/cakephp/demo/vendor/datatables/js/jquery.dataTables.min.js]
[uena.dexignzone.com/cakephp/demo/js/plugins-init/datatables.init.js]
[uena.dexignzone.com/cakephp/demo/js/plugins-init/piety-init.js]
[uena.dexignzone.com/cakephp/demo/js/dashboard/order-detail.js]
[uena.dexignzone.com/cakephp/demo/js/dashboard/analytics.js]
[uena.dexignzone.com/cakephp/demo/vendor/dropzone/dist/dropzone.css]
[uena.dexignzone.com/cakephp/demo/vendor/dropzone/dist/dropzone.js]
[uena.dexignzone.com/cakephp/demo/vendor/fullcalendar/css/main.min.css]
[uena.dexignzone.com/cakephp/demo/vendor/moment/moment.min.js]
[uena.dexignzone.com/cakephp/demo/vendor/fullcalendar/js/main.min.js]
[uena.dexignzone.com/cakephp/demo/js/plugins-init/fullcalendar-init.js]
[uena.dexignzone.com/cakephp/demo/vendor/star-rating/star-rating-svg.css]
[uena.dexignzone.com/cakephp/demo/vendor/star-rating/jquery.star-rating-svg.js]
[uena.dexignzone.com/cakephp/demo/vendor/owl-carousel/owl.carousel.css]
[uena.dexignzone.com/cakephp/demo/vendor/owl-carousel/owl.carousel.js]
[uena.dexignzone.com/cakephp/demo/vendor/flot/jquery.flot.js]
[uena.dexignzone.com/cakephp/demo/vendor/flot/jquery.flot.pie.js]
[uena.dexignzone.com/cakephp/demo/vendor/flot/jquery.flot.resize.js]
[uena.dexignzone.com/cakephp/demo/vendor/flot-spline/jquery.flot.spline.min.js]
[uena.dexignzone.com/cakephp/demo/js/plugins-init/flot-init.js]
[uena.dexignzone.com/cakephp/demo/vendor/raphael/raphael.min.js]
[uena.dexignzone.com/cakephp/demo/vendor/morris/morris.min.js]
[uena.dexignzone.com/cakephp/demo/js/plugins-init/morris-init.js]
[uena.dexignzone.com/cakephp/demo/js/plugins-init/chartjs-init.js]
[uena.dexignzone.com/cakephp/demo/vendor/chartist/js/chartist.min.js]
[uena.dexignzone.com/cakephp/demo/vendor/chartist-plugin-tooltips/js/chartist-plugin-tooltip.min.js]
[uena.dexignzone.com/cakephp/demo/js/plugins-init/chartist-init.js]
[uena.dexignzone.com/cakephp/demo/vendor/jquery-sparkline/jquery.sparkline.min.js]
[uena.dexignzone.com/cakephp/demo/vendor/svganimation/vivus.min.js]
[uena.dexignzone.com/cakephp/demo/js/plugins-init/sparkline-init.js]
[uena.dexignzone.com/cakephp/demo/vendor/svganimation/svg.animation.js]
[uena.dexignzone.com/cakephp/demo/vendor/select2/css/select2.min.css]
[uena.dexignzone.com/cakephp/demo/vendor/select2/js/select2.full.min.js]
[uena.dexignzone.com/cakephp/demo/js/plugins-init/select2-init.js]
[uena.dexignzone.com/cakephp/demo/vendor/nestable2/css/jquery.nestable.min.css]
[uena.dexignzone.com/cakephp/demo/vendor/nestable2/js/jquery.nestable.min.js]
[uena.dexignzone.com/cakephp/demo/js/plugins-init/nestable-init.js]
[uena.dexignzone.com/cakephp/demo/vendor/nouislider/nouislider.min.css]
[uena.dexignzone.com/cakephp/demo/vendor/nouislider/nouislider.min.js]
[uena.dexignzone.com/cakephp/demo/vendor/wnumb/wNumb.js]
[uena.dexignzone.com/cakephp/demo/js/plugins-init/nouislider-init.js]
[uena.dexignzone.com/cakephp/demo/vendor/sweetalert2/dist/sweetalert2.min.css]
[uena.dexignzone.com/cakephp/demo/vendor/sweetalert2/dist/sweetalert2.min.js]
[uena.dexignzone.com/cakephp/demo/js/plugins-init/sweetalert.init.js]
[uena.dexignzone.com/cakephp/demo/vendor/toastr/css/toastr.min.css]
[uena.dexignzone.com/cakephp/demo/vendor/toastr/js/toastr.min.js]
[uena.dexignzone.com/cakephp/demo/js/plugins-init/toastr-init.js]
[uena.dexignzone.com/cakephp/demo/vendor/jqvmap/css/jqvmap.min.css]
[uena.dexignzone.com/cakephp/demo/vendor/jqvmap/js/jquery.vmap.min.js]
[uena.dexignzone.com/cakephp/demo/vendor/jqvmap/js/jquery.vmap.world.js]
[uena.dexignzone.com/cakephp/demo/vendor/jqvmap/js/jquery.vmap.usa.js]
[uena.dexignzone.com/cakephp/demo/js/plugins-init/jqvmap-init.js]
[uena.dexignzone.com/cakephp/demo/js/plugins-init/widgets-script-init.js]
[uena.dexignzone.com/cakephp/demo/vendor/bootstrap-datepicker-master/css/bootstrap-datepicker.min.css]
[uena.dexignzone.com/cakephp/demo/images/no-img-avatar.png]
[uena.dexignzone.com/cakephp/demo/uena-admin/content-add.html]
[uena.dexignzone.com/cakephp/demo/vendor/bootstrap-datepicker-master/js/bootstrap-datepicker.min.js]
[uena.dexignzone.com/cakephp/demo/js/dashboard/cms.js]
[uena.dexignzone.com/cakephp/demo/uena-admin/add-email.html]
[uena.dexignzone.com/cakephp/demo/uena-admin/blog-category.html]
[uena.dexignzone.com/cakephp/demo/vendor/jquery-smartwizard/dist/css/smart_wizard.min.css]
[uena.dexignzone.com/cakephp/demo/vendor/jquery-steps/build/jquery.steps.min.js]
[uena.dexignzone.com/cakephp/demo/vendor/jquery-validation/jquery.validate.min.js]
[uena.dexignzone.com/cakephp/demo/js/plugins-init/jquery.validate-init.js]
[uena.dexignzone.com/cakephp/demo/vendor/jquery-smartwizard/dist/js/jquery.smartWizard.js]
[uena.dexignzone.com/cakephp/demo/vendor/ckeditor/ckeditor.js]
[uena.dexignzone.com/cakephp/demo/vendor/summernote/font/summernote.eot]
[uena.dexignzone.com/cakephp/demo/vendor/summernote/font/summernoted41d.eot]
[uena.dexignzone.com/cakephp/demo/vendor/summernote/font/summernote.woff2]
[uena.dexignzone.com/cakephp/demo/vendor/summernote/font/summernote.woff]
[uena.dexignzone.com/cakephp/demo/vendor/summernote/font/summernote.ttf]
[uena.dexignzone.com/cakephp/demo/vendor/summernote/summernote.css]
[uena.dexignzone.com/cakephp/demo/vendor/summernote/js/summernote.min.js]
[uena.dexignzone.com/cakephp/demo/js/plugins-init/summernote-init.js]
[uena.dexignzone.com/cakephp/demo/vendor/bootstrap-daterangepicker/daterangepicker.css]
[uena.dexignzone.com/cakephp/demo/vendor/clockpicker/css/bootstrap-clockpicker.min.css]
[uena.dexignzone.com/cakephp/demo/vendor/jquery-asColorPicker/images/transparent.png]
[uena.dexignzone.com/cakephp/demo/vendor/jquery-asColorPicker/images/saturation.png]
[uena.dexignzone.com/cakephp/demo/vendor/jquery-asColorPicker/images/hue.png]
[uena.dexignzone.com/cakephp/demo/vendor/jquery-asColorPicker/images/alpha.png]
[uena.dexignzone.com/cakephp/demo/vendor/jquery-asColorPicker/css/asColorPicker.min.css]
[uena.dexignzone.com/cakephp/demo/vendor/bootstrap-material-datetimepicker/css/bootstrap-material-datetimepicker.css]
[uena.dexignzone.com/cakephp/demo/vendor/pickadate/themes/default.css]
[uena.dexignzone.com/cakephp/demo/vendor/pickadate/themes/default.date.css]
[uena.dexignzone.com/cakephp/demo/vendor/bootstrap-daterangepicker/daterangepicker.js]
[uena.dexignzone.com/cakephp/demo/vendor/clockpicker/js/bootstrap-clockpicker.min.js]
[uena.dexignzone.com/cakephp/demo/vendor/jquery-asColor/jquery-asColor.min.js]
[uena.dexignzone.com/cakephp/demo/vendor/jquery-asGradient/jquery-asGradient.min.js]
[uena.dexignzone.com/cakephp/demo/vendor/jquery-asColorPicker/js/jquery-asColorPicker.min.js]
[uena.dexignzone.com/cakephp/demo/vendor/bootstrap-material-datetimepicker/js/bootstrap-material-datetimepicker.js]
[uena.dexignzone.com/cakephp/demo/vendor/pickadate/picker.js]
[uena.dexignzone.com/cakephp/demo/vendor/pickadate/picker.time.js]
[uena.dexignzone.com/cakephp/demo/vendor/pickadate/picker.date.js]
[uena.dexignzone.com/cakephp/demo/js/plugins-init/bs-daterange-picker-init.js]
[uena.dexignzone.com/cakephp/demo/js/plugins-init/clock-picker-init.js]
[uena.dexignzone.com/cakephp/demo/js/plugins-init/jquery-asColorPicker.init.js]
[uena.dexignzone.com/cakephp/demo/js/plugins-init/material-date-picker-init.js]
[uena.dexignzone.com/cakephp/demo/js/plugins-init/pickadate-init.js]
[uena.dexignzone.com/cakephp/demo/uena-admin/page-forgot-password.html]
[uena.dexignzone.com/cakephp/demo/uena-admin/Trident/index.html]
[uena.dexignzone.com/cakephp/demo/uena-admin/Edge/index.html]
[uena.dexignzone.com/cakephp/demo/uena-admin/images/logo-white.html]
[uena.dexignzone.com/cakephp/demo/uena-admin/images/logo-text-white.html]
[uena.dexignzone.com/cakephp/demo/uena-admin/images/logo.html]
[uena.dexignzone.com/cakephp/demo/uena-admin/images/logo-text.html]
[uena.dexignzone.com/cakephp/demo/uena-admin/sidebar-img/index.html]
[uena.dexignzone.com/cakephp/demo/icons/flaticon/Flaticon.svg]
[uena.dexignzone.com/cakephp/demo/icons/flaticon_1/Flaticon_1.svg]
[uena.dexignzone.com/cakephp/demo/vendor/owl-carousel/owl.video.play.html]
[uena.dexignzone.com/cakephp/demo/uena-admin/OPR/index.html]
[uena.dexignzone.com/cakephp/demo/uena-admin/images/no-img-avatar.html]
[uena.dexignzone.com/cakephp/demo/uena-admin/e.html]
[uena.dexignzone.com/cakephp/demo/uena-admin/picker.html]
[uena.dexignzone.com/cakephp/demo/uena-admin/images/favicon.html]
[uena.dexignzone.com/cakephp/demo/uena-admin/vendor/bootstrap-select/dist/css/bootstrap-select.min.html]
[uena.dexignzone.com/cakephp/demo/uena-admin/css/style.html]
[uena.dexignzone.com/cakephp/demo/uena-admin/vendor/global/global.min.html]
[uena.dexignzone.com/cakephp/demo/uena-admin/vendor/bootstrap-select/dist/js/bootstrap-select.min.html]
[uena.dexignzone.com/cakephp/demo/uena-admin/js/custom.min.html]
[uena.dexignzone.com/cakephp/demo/uena-admin/js/deznav-init.html]
[uena.dexignzone.com/cakephp/demo/uena-admin/js/demo.html]
[uena.dexignzone.com/cakephp/demo/uena-admin/js/styleSwitcher.html]
